// Jest Snapshot v1, https://goo.gl/fbAQLP

exports[`settings component tests should render the component properly 1`] = `ShallowWrapper {}`;
