<title>Open Graph property title</title><meta charset="utf-8"/><div id="article"><h1 class="title metadata">Open Graph property title</h1><p class="subhead metadata">Short</p><p class="metadata">By Dublin Core property author</p><hr class=""></hr>
           <h2>Test document title</h2>
           <p>
            Lorem ipsum dolor sit amet, consectetur adipisicing elit, sed do eiusmod
            tempor incididunt ut labore et dolore magna aliqua. Ut enim ad minim veniam,
            quis nostrud exercitation ullamco laboris nisi ut aliquip ex ea commodo
            consequat. Duis aute irure dolor in reprehenderit in voluptate velit esse
            cillum dolore eu fugiat nulla pariatur. Excepteur sint occaecat cupidatat non
            proident, sunt in culpa qui officia deserunt mollit anim id est laborum.
           </p>
           <p>
            Lorem ipsum dolor sit amet, consectetur adipisicing elit, sed do eiusmod
            tempor incididunt ut labore et dolore magna aliqua. Ut enim ad minim veniam,
            quis nostrud exercitation ullamco laboris nisi ut aliquip ex ea commodo
            consequat. Duis aute irure dolor in reprehenderit in voluptate velit esse
            cillum dolore eu fugiat nulla pariatur. Excepteur sint occaecat cupidatat non
            proident, sunt in culpa qui officia deserunt mollit anim id est laborum.
           </p>
          </div>